
> my-v0-project@0.1.0 test:run
> vitest run

node.exe : [33mThe CJS 
build of Vite's Node 
API is deprecated. See h
ttps://vite.dev/guide/tr
oubleshooting.html#vite-
cjs-node-api-deprecated 
for more details.[39m
At C:\Program 
Files\nodejs\npm.ps1:29 
char:3
+   & $NODE_EXE 
$NPM_CLI_JS $args
+   ~~~~~~~~~~~~~~~~~~~~
~~~~~~~~~
    + CategoryInfo      
        : NotSpecified  
  : ([33mThe CJS bu.   
 ..e details.[39m:S    
tring) [], RemoteEx    
ception
    + FullyQualifiedErr 
   orId : NativeComman  
  dError
 

[1m[46m RUN [49m[22m [36mv4.0.16 [39m[90mC:/Users/ColBa/Downloads/word-to-pdf-signing[39m

[31mΓÄ»ΓÄ»ΓÄ»ΓÄ»ΓÄ»ΓÄ»
[39m[1m[41m Unhandled 
Errors [49m[22m[31mΓÄ
»ΓÄ»ΓÄ»ΓÄ»ΓÄ»ΓÄ»[39m
[31m[1m
Vitest caught 1 
unhandled error during 
the test run.
This might cause false 
positive tests. Resolve 
unhandled errors to 
make sure your tests 
are not 
affected.[22m[39m

[31mΓÄ»ΓÄ»ΓÄ»ΓÄ»ΓÄ»ΓÄ»
[39m[1m[41m Unhandled 
Error [49m[22m[31mΓÄ»
ΓÄ»ΓÄ»ΓÄ»ΓÄ»ΓÄ»ΓÄ»[39m
[31m[1mError[22m: 
require() of ES Module C
:\Users\ColBa\Downloads\
word-to-pdf-signing\node
_modules\parse5\dist\ind
ex.js from C:\Users\ColB
a\Downloads\word-to-pdf-
signing\node_modules\jsd
om\lib\jsdom\browser\par
ser\html.js not 
supported.
Instead change the 
require of index.js in C
:\Users\ColBa\Downloads\
word-to-pdf-signing\node
_modules\jsdom\lib\jsdom
\browser\parser\html.js 
to a dynamic import() 
which is available in 
all CommonJS 
modules.[39m
[90m [2mΓ¥»[22m Traci
ngChannel.traceSync node
:diagnostics_channel:[2
m315:14[22m[39m
[90m [2mΓ¥»[22m 
Object.<anonymous> node_
modules/jsdom/lib/jsdom/
browser/parser/html.js:
[2m3:16[22m[39m

[31m[2mΓÄ»ΓÄ»ΓÄ»ΓÄ»ΓÄ»
ΓÄ»ΓÄ»ΓÄ»ΓÄ»ΓÄ»ΓÄ»ΓÄ»ΓÄ»
ΓÄ»ΓÄ»ΓÄ»ΓÄ»ΓÄ»ΓÄ»ΓÄ»ΓÄ»
ΓÄ»ΓÄ»ΓÄ»ΓÄ»ΓÄ»ΓÄ»ΓÄ»ΓÄ»
ΓÄ»[22m[39m
[31m[1mSerialized 
Error:[22m[39m [90m{ 
code: 'ERR_REQUIRE_ESM' 
}[39m
[31mΓÄ»ΓÄ»ΓÄ»ΓÄ»ΓÄ»ΓÄ»Γ
Ä»ΓÄ»ΓÄ»ΓÄ»ΓÄ»ΓÄ»ΓÄ»ΓÄ»Γ
Ä»ΓÄ»ΓÄ»ΓÄ»ΓÄ»ΓÄ»ΓÄ»ΓÄ»Γ
Ä»ΓÄ»ΓÄ»ΓÄ»ΓÄ»ΓÄ»ΓÄ»ΓÄ»
[39m


[2m Test Files [22m [2mno tests[22m
[2m      Tests [22m [2mno tests[22m
[2m     Errors [22m [1m[31m1 error[39m[22m
[2m   Start at [22m 18:57:46
[2m   Duration [22m 947ms[2m (transform 0ms, setup 0ms, import 0ms, tests 0ms, environment 0ms)[22m

