components/document-editor.tsx(53,44): error TS2307: Cannot find module 'jspdf' or its corresponding type declarations.
components/document-editor.tsx(54,47): error TS2307: Cannot find module 'html2canvas' or its corresponding type declarations.
components/download-step.tsx(15,28): error TS2322: Type 'Uint8Array<ArrayBufferLike>' is not assignable to type 'BlobPart'.
  Type 'Uint8Array<ArrayBufferLike>' is not assignable to type 'ArrayBufferView<ArrayBuffer>'.
    Types of property 'buffer' are incompatible.
      Type 'ArrayBufferLike' is not assignable to type 'ArrayBuffer'.
        Type 'SharedArrayBuffer' is missing the following properties from type 'ArrayBuffer': resizable, resize, detached, transfer, transferToFixedLength
components/workflow/DownloadStep.tsx(12,10): error TS2305: Module '"@/lib/utils"' has no exported member 'downloadPdf'.
components/workflow/DownloadStep.tsx(12,23): error TS2305: Module '"@/lib/utils"' has no exported member 'getOutputFilename'.
components/workflow/EditStep.tsx(50,24): error TS2345: Argument of type 'string' is not assignable to parameter of type 'Uint8Array<ArrayBufferLike>'.
components/workflow/SignStep.tsx(48,49): error TS2345: Argument of type 'Uint8Array<ArrayBufferLike>' is not assignable to parameter of type 'string'.
components/workflow/SignStep.tsx(50,24): error TS2345: Argument of type 'string' is not assignable to parameter of type 'Uint8Array<ArrayBufferLike>'.
components/workflow/WorkflowContainer.tsx(76,44): error TS2353: Object literal may only specify known properties, and 'pdfBytes' does not exist in type '{ pdfId: string; }'.
components/workflow/WorkflowContainer.tsx(88,41): error TS2339: Property 'pdfBytes' does not exist on type 'SignStepState'.
components/workflow/WorkflowContainer.tsx(98,44): error TS2353: Object literal may only specify known properties, and 'signedPdfBytes' does not exist in type '{ signedPdfId: string; }'.
components/workflow/WorkflowContainer.tsx(107,47): error TS2339: Property 'signedPdfBytes' does not exist on type 'DownloadStepState'.
lib/sanitization.test.ts(2,24): error TS2305: Module '"./sanitization"' has no exported member 'validateHtml'.
lib/utils/file.ts(76,28): error TS2322: Type 'Uint8Array<ArrayBufferLike>' is not assignable to type 'BlobPart'.
  Type 'Uint8Array<ArrayBufferLike>' is not assignable to type 'ArrayBufferView<ArrayBuffer>'.
    Types of property 'buffer' are incompatible.
      Type 'ArrayBufferLike' is not assignable to type 'ArrayBuffer'.
        Type 'SharedArrayBuffer' is missing the following properties from type 'ArrayBuffer': resizable, resize, detached, transfer, transferToFixedLength
scripts/verify-sanitization.ts(2,24): error TS2305: Module '"../lib/sanitization"' has no exported member 'validateHtml'.
